2026-08-17 03:05:13.596 Uvicorn server started on :::8501
2026-08-17 13:23:22.878 ::1:62311 - "GET / HTTP/1.1" 304
2026-08-17 13:23:23.411 ::1:62311 - "GET /_stcore/health HTTP/1.1" 200
2026-08-17 13:23:23.425 ::1:58474 - "GET /_stcore/host-config HTTP/1.1" 200
2026-08-17 13:23:23.553 ::1:54886 - "WebSocket /_stcore/stream" [accepted]
2026-08-17 13:23:23.556 connection open
2026-08-17 13:23:27.429 ::1:58474 - "GET /component/extra_streamlit_components.CookieManager.cookie_manager/index.html?streamlitUrl=http%3A%2F%2Flocalhost%3A8501%2F HTTP/1.1" 200
2026-08-17 13:23:27.432 ::1:62311 - "GET /component/extra_streamlit_components.CookieManager.cookie_manager/index.html?streamlitUrl=http%3A%2F%2Flocalhost%3A8501%2F HTTP/1.1" 200
2026-08-17 13:23:27.584 ::1:62311 - "GET /component/extra_streamlit_components.CookieManager.cookie_manager/bootstrap.min.css HTTP/1.1" 200
2026-08-17 13:23:27.655 ::1:62311 - "GET /component/extra_streamlit_components.CookieManager.cookie_manager/static/js/main.f28005a3.chunk.js HTTP/1.1" 200
2026-08-17 13:23:27.933 ::1:58474 - "GET /component/extra_streamlit_components.CookieManager.cookie_manager/static/js/2.23c6e063.chunk.js HTTP/1.1" 200
2026-08-17 13:27:13.556 ::1:56938 - "GET / HTTP/1.1" 304
2026-08-17 13:27:14.053 ::1:56938 - "GET /_stcore/health HTTP/1.1" 200
2026-08-17 13:27:14.054 ::1:62833 - "GET /_stcore/host-config HTTP/1.1" 200
2026-08-17 13:27:14.267 ::1:52801 - "WebSocket /_stcore/stream" [accepted]
2026-08-17 13:27:14.267 connection open
2026-08-17 13:27:16.201 ::1:62833 - "GET /component/extra_streamlit_components.CookieManager.cookie_manager/index.html?streamlitUrl=http%3A%2F%2Flocalhost%3A8501%2F HTTP/1.1" 200
2026-08-17 13:27:16.203 ::1:56938 - "GET /component/extra_streamlit_components.CookieManager.cookie_manager/index.html?streamlitUrl=http%3A%2F%2Flocalhost%3A8501%2F HTTP/1.1" 200
2026-08-17 13:27:16.248 ::1:56938 - "GET /component/extra_streamlit_components.CookieManager.cookie_manager/bootstrap.min.css HTTP/1.1" 200
2026-08-17 13:27:16.265 ::1:62833 - "GET /component/extra_streamlit_components.CookieManager.cookie_manager/static/js/2.23c6e063.chunk.js HTTP/1.1" 200
2026-08-17 13:27:16.353 ::1:62833 - "GET /component/extra_streamlit_components.CookieManager.cookie_manager/static/js/main.f28005a3.chunk.js HTTP/1.1" 200
2026-08-17 13:29:22.665 ::1:52848 - "GET / HTTP/1.1" 304
2026-08-17 13:29:23.237 ::1:52848 - "GET /_stcore/health HTTP/1.1" 200
2026-08-17 13:29:23.241 ::1:52848 - "GET /_stcore/host-config HTTP/1.1" 200
2026-08-17 13:29:23.353 ::1:53470 - "WebSocket /_stcore/stream" [accepted]
2026-08-17 13:29:23.354 connection open
2026-08-17 13:29:26.047 ::1:52848 - "GET /component/extra_streamlit_components.CookieManager.cookie_manager/index.html?streamlitUrl=http%3A%2F%2Flocalhost%3A8501%2F HTTP/1.1" 200
2026-08-17 13:29:26.048 ::1:50658 - "GET /component/extra_streamlit_components.CookieManager.cookie_manager/index.html?streamlitUrl=http%3A%2F%2Flocalhost%3A8501%2F HTTP/1.1" 200
2026-08-17 13:29:26.076 ::1:52848 - "GET /component/extra_streamlit_components.CookieManager.cookie_manager/static/js/2.23c6e063.chunk.js HTTP/1.1" 200
2026-08-17 13:29:26.080 ::1:50658 - "GET /component/extra_streamlit_components.CookieManager.cookie_manager/bootstrap.min.css HTTP/1.1" 200
2026-08-17 13:29:26.089 ::1:50658 - "GET /component/extra_streamlit_components.CookieManager.cookie_manager/static/js/main.f28005a3.chunk.js HTTP/1.1" 200
2026-08-17 13:31:27.825 ::1:58442 - "GET / HTTP/1.1" 304
2026-08-17 13:31:28.206 ::1:58442 - "GET /_stcore/health HTTP/1.1" 200
2026-08-17 13:31:28.207 ::1:56792 - "GET /_stcore/host-config HTTP/1.1" 200
2026-08-17 13:31:28.286 ::1:61853 - "WebSocket /_stcore/stream" [accepted]
2026-08-17 13:31:28.286 connection open
2026-08-17 13:31:30.817 ::1:56792 - "GET /component/extra_streamlit_components.CookieManager.cookie_manager/index.html?streamlitUrl=http%3A%2F%2Flocalhost%3A8501%2F HTTP/1.1" 200
2026-08-17 13:31:30.818 ::1:58442 - "GET /component/extra_streamlit_components.CookieManager.cookie_manager/index.html?streamlitUrl=http%3A%2F%2Flocalhost%3A8501%2F HTTP/1.1" 200
2026-08-17 13:31:30.868 ::1:56792 - "GET /component/extra_streamlit_components.CookieManager.cookie_manager/static/js/2.23c6e063.chunk.js HTTP/1.1" 200
2026-08-17 13:31:30.872 ::1:58442 - "GET /component/extra_streamlit_components.CookieManager.cookie_manager/bootstrap.min.css HTTP/1.1" 200
2026-08-17 13:31:30.915 ::1:58442 - "GET /component/extra_streamlit_components.CookieManager.cookie_manager/static/js/main.f28005a3.chunk.js HTTP/1.1" 200
